// Jest Snapshot v1, https://goo.gl/fbAQLP

exports[`SectionLastVisitedContact to match snapshot  1`] = `
[
  <Text>
    Last Visited Contact
  </Text>,
  <RCTScrollView
    contentContainerStyle={
      {
        "gap": 31.428571428571427,
      }
    }
    data={
      [
        {
          "age": 30,
          "callHistory": "2024-06-09 12:00:00",
          "firstName": "John",
          "id": "1",
          "lastName": "Doe",
          "photo": "https://example.com/photo.jpg",
        },
        {
          "age": 25,
          "callHistory": "2024-06-09 12:00:00",
          "firstName": "Jane",
          "id": "2",
          "lastName": "Smith",
          "photo": "https://example.com/photo2.jpg",
        },
      ]
    }
    getItem={[Function]}
    getItemCount={[Function]}
    horizontal={true}
    keyExtractor={[Function]}
    onContentSizeChange={[Function]}
    onLayout={[Function]}
    onMomentumScrollBegin={[Function]}
    onMomentumScrollEnd={[Function]}
    onScroll={[Function]}
    onScrollBeginDrag={[Function]}
    onScrollEndDrag={[Function]}
    removeClippedSubviews={false}
    renderItem={[Function]}
    scrollEventThrottle={0.0001}
    showsHorizontalScrollIndicator={false}
    stickyHeaderIndices={[]}
    style={
      {
        "marginVertical": 25.142857142857142,
      }
    }
    testID="list-last-visited-contact"
    viewabilityConfigCallbackPairs={[]}
  >
    <View>
      <View
        onFocusCapture={[Function]}
        onLayout={[Function]}
        style={
          [
            {
              "flexDirection": "row",
            },
            null,
          ]
        }
      >
        <View
          style={
            {
              "alignItems": "center",
            }
          }
        >
          <View
            style={
              {
                "borderRadius": 39.285714285714285,
                "height": 78.57142857142857,
                "width": 78.57142857142857,
              }
            }
          >
            <Image
              source={
                {
                  "uri": "https://example.com/photo.jpg",
                }
              }
              style={
                [
                  {
                    "height": "100%",
                    "width": "100%",
                  },
                  {
                    "borderRadius": 39.285714285714285,
                  },
                ]
              }
            />
          </View>
          <Text>
            John Doe
          </Text>
        </View>
      </View>
      <View
        onFocusCapture={[Function]}
        onLayout={[Function]}
        style={
          [
            {
              "flexDirection": "row",
            },
            null,
          ]
        }
      >
        <View
          style={
            {
              "alignItems": "center",
            }
          }
        >
          <View
            style={
              {
                "borderRadius": 39.285714285714285,
                "height": 78.57142857142857,
                "width": 78.57142857142857,
              }
            }
          >
            <Image
              source={
                {
                  "uri": "https://example.com/photo2.jpg",
                }
              }
              style={
                [
                  {
                    "height": "100%",
                    "width": "100%",
                  },
                  {
                    "borderRadius": 39.285714285714285,
                  },
                ]
              }
            />
          </View>
          <Text>
            Jane Smith
          </Text>
        </View>
      </View>
    </View>
  </RCTScrollView>,
  <View
    style={
      {
        "backgroundColor": "#D9D9D9",
        "height": 1,
        "width": "100%",
      }
    }
  />,
]
`;
